// Jest Snapshot v1, https://goo.gl/fbAQLP

exports[`monitor stack test monitor stack snapshot test 1`] = `
{
  "Parameters": {
    "BootstrapVersion": {
      "Default": "/cdk-bootstrap/hnb659fds/version",
      "Description": "Version of the CDK Bootstrap resources in this environment, automatically retrieved from SSM Parameter Store. [cdk:skip]",
      "Type": "AWS::SSM::Parameter::Value<String>",
    },
  },
  "Resources": {
    "AlarmTopicD01E77F9": {
      "Properties": {
        "DisplayName": "AlarmTopic",
        "TopicName": "AlarmTopic",
      },
      "Type": "AWS::SNS::Topic",
    },
    "WebHookLambdaAlarmTopicD6696FB1": {
      "Properties": {
        "Endpoint": {
          "Fn::GetAtt": [
            "WebHookLambdaC2AD15FD",
            "Arn",
          ],
        },
        "Protocol": "lambda",
        "TopicArn": {
          "Ref": "AlarmTopicD01E77F9",
        },
      },
      "Type": "AWS::SNS::Subscription",
    },
    "WebHookLambdaAllowInvoketestMonitorStackAlarmTopicF397B39AA86BB9BE": {
      "Properties": {
        "Action": "lambda:InvokeFunction",
        "FunctionName": {
          "Fn::GetAtt": [
            "WebHookLambdaC2AD15FD",
            "Arn",
          ],
        },
        "Principal": "sns.amazonaws.com",
        "SourceArn": {
          "Ref": "AlarmTopicD01E77F9",
        },
      },
      "Type": "AWS::Lambda::Permission",
    },
    "WebHookLambdaC2AD15FD": {
      "DependsOn": [
        "WebHookLambdaServiceRole1D0B8EE0",
      ],
      "Properties": {
        "Code": {
          "S3Bucket": {
            "Fn::Sub": "cdk-hnb659fds-assets-\${AWS::AccountId}-\${AWS::Region}",
          },
          "S3Key": "817b3d1d3e46d456785bee840de9641cfceddce82a07151fc21db3a807ff0874.zip",
        },
        "Environment": {
          "Variables": {
            "AWS_NODEJS_CONNECTION_REUSE_ENABLED": "1",
          },
        },
        "Handler": "index.handler",
        "Role": {
          "Fn::GetAtt": [
            "WebHookLambdaServiceRole1D0B8EE0",
            "Arn",
          ],
        },
        "Runtime": "nodejs18.x",
      },
      "Type": "AWS::Lambda::Function",
    },
    "WebHookLambdaServiceRole1D0B8EE0": {
      "Properties": {
        "AssumeRolePolicyDocument": {
          "Statement": [
            {
              "Action": "sts:AssumeRole",
              "Effect": "Allow",
              "Principal": {
                "Service": "lambda.amazonaws.com",
              },
            },
          ],
          "Version": "2012-10-17",
        },
        "ManagedPolicyArns": [
          {
            "Fn::Join": [
              "",
              [
                "arn:",
                {
                  "Ref": "AWS::Partition",
                },
                ":iam::aws:policy/service-role/AWSLambdaBasicExecutionRole",
              ],
            ],
          },
        ],
      },
      "Type": "AWS::IAM::Role",
    },
    "spaceApi4xxAlarm8E4FAA1F": {
      "Properties": {
        "AlarmActions": [
          {
            "Ref": "AlarmTopicD01E77F9",
          },
        ],
        "AlarmName": "SpaceApi4xxAlarm",
        "ComparisonOperator": "GreaterThanOrEqualToThreshold",
        "Dimensions": [
          {
            "Name": "ApiName",
            "Value": "SpacesApi",
          },
        ],
        "EvaluationPeriods": 1,
        "MetricName": "4XXError",
        "Namespace": "AWS/ApiGateway",
        "OKActions": [
          {
            "Ref": "AlarmTopicD01E77F9",
          },
        ],
        "Period": 60,
        "Statistic": "Sum",
        "Threshold": 5,
        "Unit": "Count",
      },
      "Type": "AWS::CloudWatch::Alarm",
    },
  },
  "Rules": {
    "CheckBootstrapVersion": {
      "Assertions": [
        {
          "Assert": {
            "Fn::Not": [
              {
                "Fn::Contains": [
                  [
                    "1",
                    "2",
                    "3",
                    "4",
                    "5",
                  ],
                  {
                    "Ref": "BootstrapVersion",
                  },
                ],
              },
            ],
          },
          "AssertDescription": "CDK bootstrap stack version 6 required. Please run 'cdk bootstrap' with a recent version of the CDK CLI.",
        },
      ],
    },
  },
}
`;
